Component: ARM Compiler 5.06 update 3 (build 300) Tool: armlink [4d35c9]

==============================================================================

Section Cross References

    lab5.o(RESET) refers to lab5.o(MYCODE) for Reset_Handler


==============================================================================

Image Symbol Table

    Local Symbols

    Symbol Name                              Value     Ov Type        Size  Object(Section)

    lab5.s                                   0x00000000   Number         0  lab5.o ABSOLUTE
    RESET                                    0x08000000   Section        8  lab5.o(RESET)
    MYCODE                                   0x08000008   Section      444  lab5.o(MYCODE)
    string1                                  0x0800004e   Data           0  lab5.o(MYCODE)
    string2                                  0x08000054   Data           0  lab5.o(MYCODE)
    string3                                  0x0800005c   Data           0  lab5.o(MYCODE)
    sort                                     0x0800006d   Thumb Code   144  lab5.o(MYCODE)
    byte_copy                                0x080000fd   Thumb Code    30  lab5.o(MYCODE)
    merge                                    0x0800011d   Thumb Code   150  lab5.o(MYCODE)

    Global Symbols

    Symbol Name                              Value     Ov Type        Size  Object(Section)

    BuildAttributes$$THM_ISAv4$P$D$K$B$S$PE$A:L22UL41UL21$X:L11$S22US41US21$IEEE1$IW$USESV6$~STKCKD$USESV7$~SHL$OSPACE$EBA8$STANDARDLIB$PRES8$EABIv2 0x00000000   Number         0  anon$$obj.o ABSOLUTE
    __Vectors                                0x08000000   Data           0  lab5.o(RESET)
    Reset_Handler                            0x08000009   Thumb Code    70  lab5.o(MYCODE)



==============================================================================

Memory Map of the image

  Image Entry point : 0x08000009

  Load Region LR_IROM1 (Base: 0x08000000, Size: 0x000001c4, Max: 0x00020000, ABSOLUTE)

    Execution Region ER_IROM1 (Base: 0x08000000, Size: 0x000001c4, Max: 0x00020000, ABSOLUTE)

    Base Addr    Size         Type   Attr      Idx    E Section Name        Object

    0x08000000   0x00000008   Data   RO            1    RESET               lab5.o
    0x08000008   0x000001bc   Code   RO            2  * MYCODE              lab5.o


    Execution Region RW_IRAM1 (Base: 0x20000000, Size: 0x00000000, Max: 0x00002000, ABSOLUTE)

    **** No section assigned to this execution region ****


==============================================================================

Image component sizes


      Code (inc. data)   RO Data    RW Data    ZI Data      Debug   Object Name

       444         50          8          0          0        604   lab5.o

    ----------------------------------------------------------------------
       444         50          8          0          0        604   Object Totals
         0          0          0          0          0          0   (incl. Generated)
         0          0          0          0          0          0   (incl. Padding)

    ----------------------------------------------------------------------
         0          0          0          0          0          0   Library Totals
         0          0          0          0          0          0   (incl. Padding)

    ----------------------------------------------------------------------

==============================================================================


      Code (inc. data)   RO Data    RW Data    ZI Data      Debug   

       444         50          8          0          0        604   Grand Totals
       444         50          8          0          0        604   ELF Image Totals
       444         50          8          0          0          0   ROM Totals

==============================================================================

    Total RO  Size (Code + RO Data)                  452 (   0.44kB)
    Total RW  Size (RW Data + ZI Data)                 0 (   0.00kB)
    Total ROM Size (Code + RO Data + RW Data)        452 (   0.44kB)

==============================================================================

